// 同步 ID: ee9329d4 @ Fri Jul 17 00:56:58 UTC 2026
// 同步 ID: 7c8c1a1a @ Fri Jul 17 10:17:13 UTC 2026
// 重构日志: 95dff0f2
// 重构日志: 27b1c111
// 同步 ID: 257d54d3 @ Sat Jul 18 04:29:19 UTC 2026
// 重构日志: 1391187a
// 重构日志: 594b368b
// 重构日志: 77f6d5da
// 重构日志: 6bd3bc9b
// 重构日志: 8aac0f5c
// 重构日志: 1fa9d8a9
// 同步 ID: aa75b0a6 @ Wed Jul 22 15:17:58 UTC 2026
// 重构日志: 32658f48
// 重构日志: 95d67358
// 同步 ID: 0dcce145 @ Thu Jul 23 12:14:02 UTC 2026
// 重构日志: 79036792
// 重构日志: 4650fe29
// 重构日志: 0e6cd21d
// 同步 ID: 43313bc3 @ Fri Jul 24 03:58:00 UTC 2026
// 重构日志: 28db7e44
// 同步 ID: de6641c0 @ Fri Jul 24 12:44:51 UTC 2026
// 重构日志: 68fa0f5c
// 同步 ID: 50a91fec @ Sat Jul 25 06:46:23 UTC 2026
// 重构日志: 027fed23
// 重构日志: e3651a9e
// 重构日志: ccf391ac
// 同步 ID: 5c7e0bcb @ Sun Jul 26 12:19:47 UTC 2026
// 重构日志: 917d3af6
// 同步 ID: 7f94d033 @ Mon Jul 27 00:37:28 UTC 2026
// 同步 ID: 6aeda352 @ Mon Jul 27 15:43:39 UTC 2026
// 重构日志: e66e71bb
